02-20 01:46:45.844  1656  3151 I am_kill : [0,14673,com.google.android.apps.privacy.wildlife,935,empty #17,86872]
02-20 01:46:45.891  1656 10014 I am_kill : [0,14077,com.android.vending:quick_launch,985,empty #17,89724]
02-20 02:32:46.868  1656  2027 I am_kill : [0,15655,android.process.acore,985,empty #17,91052]
02-20 07:47:00.640  1656  1725 I am_kill : [0,15621,com.google.android.apps.messaging,925,excessive binder traffic during cached,116260]
02-20 07:47:31.445  1656  5136 I am_kill : [0,16580,com.google.android.calendar,955,empty #17,90308]
02-20 07:47:31.494  1656  2417 I am_kill : [0,16638,android.process.media,985,empty #17,84308]
02-20 07:47:31.588  1656  1697 I am_kill : [0,9170,com.google.android.rkpdapp,985,empty #17,84424]
02-20 07:47:32.615  1656  1697 I am_kill : [0,8350,com.google.android.apps.turbo,975,empty #17,82896]
02-20 07:47:32.615  1656  1697 I am_kill : [0,9702,com.android.settings,975,empty #18,112636]
02-20 07:47:32.616  1656  1697 I am_kill : [0,18900,com.google.android.apps.privacy.wildlife,975,empty #19,86092]
02-20 07:47:47.293  1656  3146 I am_kill : [0,21232,com.google.android.apps.wallpaper,985,empty #17,85216]
02-20 07:47:47.336  1656  3146 I am_kill : [0,12833,com.google.android.apps.turbo:aab,995,empty #17,91816]
02-20 08:00:00.520  1656  5947 I am_kill : [0,15696,com.android.providers.calendar,995,empty #17,86508]
02-20 08:00:00.522  1656  5947 I am_kill : [0,21319,com.google.android.apps.turbo:ssb,995,empty #18,91504]
02-20 08:00:00.611  1656  1697 I am_kill : [0,16006,com.google.android.permissioncontroller,985,empty #17,87784]
02-20 09:39:13.229  1656  1809 I am_kill : [0,9375,com.google.android.apps.wellbeing,985,empty #17,89928]
02-20 13:47:35.761  1656 10010 I am_kill : [0,21380,com.google.android.apps.pixel.dcservice,955,empty #17,86800]
02-20 13:47:36.069  1656  1696 I am_kill : [0,22223,com.google.RilConfigService,985,empty #17,78592]
02-20 13:47:36.666  1656  1725 I am_kill : [0,22198,com.android.vending:instant_app_installer,985,empty #17,88148]
02-20 13:47:59.916  1656  1697 I am_kill : [0,22258,com.google.android.apps.carrier.log,955,empty #17,79860]
02-20 13:48:00.000  1656 10010 I am_kill : [0,22145,com.android.vending:quick_launch,985,empty #17,91496]
02-20 13:48:00.002  1656 10010 I am_kill : [0,21408,com.google.android.apps.gcs,995,empty #18,87028]
02-20 13:48:01.619  1656  2371 I am_kill : [0,21381,com.android.vending,905,empty #17,101316]
02-20 13:48:07.872  1656 10019 I am_kill : [0,22323,com.google.android.rkpdapp,975,empty #17,84260]
02-20 13:48:30.615  1656  1724 I am_kill : [0,22588,com.google.android.settings.intelligence,945,empty #17,84784]
02-20 13:48:30.703  1656  2371 I am_kill : [0,22392,com.google.android.apps.turbo,985,empty #17,82216]
02-20 13:48:30.705  1656  2371 I am_kill : [0,22462,com.android.settings,995,empty #18,115360]
02-20 14:00:00.660  1656  5947 I am_kill : [0,21339,android.process.acore,985,empty #17,89476]
02-20 14:44:43.086  1656  5136 I am_kill : [0,24148,com.android.providers.calendar,985,empty #17,84560]
02-20 15:39:31.640  1656  1809 I am_kill : [0,24175,com.google.android.apps.turbo:aab,985,empty #17,91492]
02-20 15:44:22.655  1656  2413 I am_kill : [0,24188,com.google.android.apps.messaging,985,empty #17,112100]
02-20 19:08:26.846  1656  3132 I am_kill : [0,12894,com.google.android.partnersetup,975,empty #17,83788]
02-20 19:08:27.403  1656 10013 I am_kill : [0,24316,com.google.android.configupdater,985,empty #17,81092]
02-20 19:08:30.899  1656  2417 I am_kill : [0,24318,com.google.android.apps.work.oobconfig,935,empty #17,88524]
02-20 19:08:32.902  1656  2417 I am_kill : [0,21412,com.google.android.apps.safetyhub,935,empty #17,87552]
02-20 19:08:33.362  1656  2369 I am_kill : [0,24315,com.google.android.apps.nbu.files,935,empty #17,89616]
02-20 19:08:33.751  1656  2417 I am_kill : [0,24527,com.android.vending:quick_launch,965,empty #17,89988]
02-20 19:08:34.365  1656 10016 I am_kill : [0,24564,com.google.android.rkpdapp,975,empty #17,85076]
02-20 19:08:34.733  1656  1722 I am_kill : [0,24846,com.google.android.settings.intelligence,935,empty #17,85756]
02-20 19:08:35.018  1656  2371 I am_kill : [0,25316,com.google.android.uvexposurereporter,975,empty #17,79176]
02-20 19:08:35.056  1656  2369 I am_kill : [0,26132,com.android.DeviceAsWebcam,965,empty #17,78536]
02-20 19:08:35.343  1656  5136 I am_kill : [0,24173,android.process.media,965,empty #17,83236]
02-20 19:08:38.924  1656  2371 I am_kill : [0,26168,com.google.android.cellbroadcastreceiver,965,empty #17,79100]
02-20 19:08:57.836  1656  1809 I am_kill : [0,24701,com.android.settings,995,empty #17,109292]
02-20 19:08:57.840  1656  1809 I am_kill : [0,26161,.ShannonImsService,995,empty #18,76392]
02-20 19:09:01.075  1656 10022 I am_kill : [0,26324,android.process.acore,985,empty #17,86104]
02-20 19:09:01.159  1656 10022 I am_kill : [0,26276,com.google.android.apps.messaging,985,empty #17,94192]
02-20 19:09:17.569  1656  2371 I am_kill : [0,26249,com.google.android.apps.turbo:aab,955,empty #17,86068]
02-20 19:09:17.609  1656  2371 I am_kill : [0,26503,com.google.android.apps.pixel.dcservice,985,empty #17,79016]
02-20 19:09:18.960  1656  2055 I am_kill : [0,26502,com.google.android.apps.pixel.support,985,empty #17,79992]
02-20 19:09:37.311  1656  2371 I am_kill : [0,26504,com.google.android.apps.weather,945,empty #17,78344]
02-20 19:09:37.315  1656  2371 I am_kill : [0,27775,com.android.chrome:sandboxed_process0:org.chromium.content.app.SandboxedProcessService0:0,0,isolated not needed,0]
02-20 19:09:37.447  1656  2369 I am_kill : [0,27797,com.android.chrome:sandboxed_process0:org.chromium.content.app.SandboxedProcessService0:1,0,isolated not needed,0]
02-20 19:09:38.094  1656  3154 I am_kill : [0,27819,com.android.chrome:sandboxed_process0:org.chromium.content.app.SandboxedProcessService0:2,0,isolated not needed,0]
02-20 19:09:38.284  1656  3154 I am_kill : [0,27841,com.android.chrome:sandboxed_process0:org.chromium.content.app.SandboxedProcessService0:3,0,isolated not needed,0]
02-20 19:09:39.682  1656  2369 I am_kill : [0,27863,com.android.chrome:sandboxed_process0:org.chromium.content.app.SandboxedProcessService0:4,0,isolated not needed,0]
02-20 19:09:39.869  1656 10006 I am_kill : [0,27885,com.android.chrome:sandboxed_process0:org.chromium.content.app.SandboxedProcessService0:5,0,isolated not needed,0]
02-20 19:09:40.644  1656  3154 I am_kill : [0,27906,com.android.chrome:sandboxed_process0:org.chromium.content.app.SandboxedProcessService0:6,0,isolated not needed,0]
02-20 19:09:40.772  1656  3154 I am_kill : [0,27927,com.android.chrome:sandboxed_process0:org.chromium.content.app.SandboxedProcessService0:7,0,isolated not needed,0]
02-20 19:15:20.296  1656 10006 I am_kill : [0,26768,com.google.android.flipendo,975,empty #17,73748]
02-20 19:15:20.296  1656 10006 I am_kill : [0,26662,com.google.android.tts,945,empty #18,77896]
02-20 19:17:15.579  1656  2028 I am_kill : [0,28431,com.google.android.webview:sandboxed_process0:org.chromium.content.app.SandboxedProcessService0:0,0,isolated not needed,75632]
